<?xml version="1.0" ?>
<testsuites failures="0" name="TestXML" tests="1" time="0.034">
	<testsuite name="S Del Scheduler" failures="0"  tests="5" time="0">
		<testcase name=" ejecuta los tests uno tras otro salvo que este pausado" time="0"></testcase>
		<testcase name=" tratar de avanzar un step mientras el anterior no termino es un error" time="0"></testcase>
		<testcase name=" al encolar varios comandos se ejecutan en orden" time="0"></testcase>
		<testcase name=" al encolar un comando y avanzar un step se ejecuta ese comando" time="0"></testcase>
		<testcase name=" se le pueden anadir detalles a los comandos" time="0"></testcase>
	</testsuite>

</testsuites>